Component: ARM Compiler 5.06 update 4 (build 422) Tool: armlink [4d35d2]

==============================================================================

Section Cross References

    main.o(i.main) refers to common.o(i.get_clk) for get_clk
    main.o(i.main) refers to mk60_oled.o(i.OLED_Init) for OLED_Init
    main.o(i.main) refers to mk60_gpio.o(i.gpio_init) for gpio_init
    main.o(i.main) refers to menu.o(i.Menu_Init) for Menu_Init
    main.o(i.main) refers to mk60_systick.o(i.systick_delay_ms) for systick_delay_ms
    main.o(i.main) refers to menu.o(i.Menu_Work) for Menu_Work
    menu.o(i.Button_Get) refers to mk60_gpio.o(i.gpio_get) for gpio_get
    menu.o(i.Menu_Data_Init) refers to menu.o(.bss) for Menu
    menu.o(i.Menu_Data_Init) refers to main.o(.data) for liu
    menu.o(i.Menu_HomePage_Show) refers to mk60_oled.o(i.OLED_ClearScreen) for OLED_ClearScreen
    menu.o(i.Menu_HomePage_Show) refers to mk60_oled.o(i.OLED_P6x8Str) for OLED_P6x8Str
    menu.o(i.Menu_HomePage_Show) refers to menu.o(.bss) for Menu
    menu.o(i.Menu_Init) refers to menu.o(i.Menu_Data_Init) for Menu_Data_Init
    menu.o(i.Menu_Init) refers to mk60_flash.o(i.FLASH_Init) for FLASH_Init
    menu.o(i.Menu_Init) refers to cfcmple.o(.text) for __aeabi_cfcmpeq
    menu.o(i.Menu_Init) refers to mk60_flash.o(i.FLASH_EraseSector) for FLASH_EraseSector
    menu.o(i.Menu_Init) refers to mk60_flash.o(i.FLASH_WriteSector) for FLASH_WriteSector
    menu.o(i.Menu_Init) refers to menu.o(i.Menu_HomePage_Show) for Menu_HomePage_Show
    menu.o(i.Menu_Init) refers to menu.o(.bss) for Menu
    menu.o(i.Menu_SubPage_Show) refers to mk60_oled.o(i.OLED_ClearScreen) for OLED_ClearScreen
    menu.o(i.Menu_SubPage_Show) refers to mk60_oled.o(i.OLED_P6x8Str) for OLED_P6x8Str
    menu.o(i.Menu_SubPage_Show) refers to mk60_oled.o(i.OLED_P6x8Int) for OLED_P6x8Int
    menu.o(i.Menu_SubPage_Show) refers to cfrcmple.o(.text) for __aeabi_cfrcmple
    menu.o(i.Menu_SubPage_Show) refers to f2d.o(.text) for __aeabi_f2d
    menu.o(i.Menu_SubPage_Show) refers to dadd.o(.text) for __aeabi_dadd
    menu.o(i.Menu_SubPage_Show) refers to d2f.o(.text) for __aeabi_d2f
    menu.o(i.Menu_SubPage_Show) refers to mk60_oled.o(i.OLED_P6x8Flo) for OLED_P6x8Flo
    menu.o(i.Menu_Work) refers to menu.o(i.Button_Get) for Button_Get
    menu.o(i.Menu_Work) refers to fadd.o(.text) for __aeabi_fadd
    menu.o(i.Menu_Work) refers to ffixi.o(.text) for __aeabi_f2iz
    menu.o(i.Menu_Work) refers to mk60_oled.o(i.OLED_P6x8Int) for OLED_P6x8Int
    menu.o(i.Menu_Work) refers to cfcmple.o(.text) for __aeabi_cfcmple
    menu.o(i.Menu_Work) refers to f2d.o(.text) for __aeabi_f2d
    menu.o(i.Menu_Work) refers to dadd.o(.text) for __aeabi_dadd
    menu.o(i.Menu_Work) refers to d2f.o(.text) for __aeabi_d2f
    menu.o(i.Menu_Work) refers to cfrcmple.o(.text) for __aeabi_cfrcmple
    menu.o(i.Menu_Work) refers to mk60_oled.o(i.OLED_P6x8Flo) for OLED_P6x8Flo
    menu.o(i.Menu_Work) refers to menu.o(.data) for Current_Count
    menu.o(i.Menu_Work) refers to menu.o(.bss) for Menu
    menu.o(i.Menu_Work) refers to mk60_oled.o(i.OLED_P6x8Str) for OLED_P6x8Str
    menu.o(i.Menu_Work) refers to menu.o(i.Menu_SubPage_Show) for Menu_SubPage_Show
    menu.o(i.Menu_Work) refers to fflti.o(.text) for __aeabi_i2f
    menu.o(i.Menu_Work) refers to ffltui.o(.text) for __aeabi_ui2f
    menu.o(i.Menu_Work) refers to dfixi.o(.text) for __aeabi_d2iz
    menu.o(i.Menu_Work) refers to dfixui.o(.text) for __aeabi_d2uiz
    menu.o(i.Menu_Work) refers to dmul.o(.text) for __aeabi_dmul
    menu.o(i.Menu_Work) refers to dflti.o(.text) for __aeabi_i2d
    menu.o(i.Menu_Work) refers to ddiv.o(.text) for __aeabi_ddiv
    menu.o(i.Menu_Work) refers to mk60_flash.o(i.FLASH_EraseSector) for FLASH_EraseSector
    menu.o(i.Menu_Work) refers to mk60_flash.o(i.FLASH_WriteSector) for FLASH_WriteSector
    menu.o(i.Menu_Work) refers to menu.o(i.Menu_HomePage_Show) for Menu_HomePage_Show
    menu.o(i.Menu_Work) refers to mk60_gpio.o(i.gpio_get) for gpio_get
    menu.o(i.Menu_Work) refers to mk60_oled.o(i.OLED_ClearScreen) for OLED_ClearScreen
    menu.o(i.Menu_Work) refers to mk60_gpio.o(i.gpio_set) for gpio_set
    mk60_oled.o(i.OLED_ClearScreen) refers to mk60_oled.o(i.OLED_WriteCmd) for OLED_WriteCmd
    mk60_oled.o(i.OLED_ClearScreen) refers to mk60_oled.o(i.OLED_WriteDat) for OLED_WriteDat
    mk60_oled.o(i.OLED_Cmd) refers to mk60_oled.o(i.OLED_WriteCmd) for OLED_WriteCmd
    mk60_oled.o(i.OLED_Init) refers to mk60_oled.o(i.OLED_PinInit) for OLED_PinInit
    mk60_oled.o(i.OLED_Init) refers to mk60_spi.o(i.spi_init) for spi_init
    mk60_oled.o(i.OLED_Init) refers to mk60_gpio.o(i.gpio_set) for gpio_set
    mk60_oled.o(i.OLED_Init) refers to mk60_oled.o(i.OLED_DLY_ms) for OLED_DLY_ms
    mk60_oled.o(i.OLED_Init) refers to mk60_oled.o(i.OLED_Cmd) for OLED_Cmd
    mk60_oled.o(i.OLED_Init) refers to mk60_oled.o(i.OLED_WriteCmd) for OLED_WriteCmd
    mk60_oled.o(i.OLED_Init) refers to mk60_oled.o(i.OLED_ClearScreen) for OLED_ClearScreen
    mk60_oled.o(i.OLED_Init) refers to mk60_oled.o(i.OLED_SetPos) for OLED_SetPos
    mk60_oled.o(i.OLED_Init) refers to common.o(.data) for bus_clk_mhz
    mk60_oled.o(i.OLED_P14x16CHCHAR) refers to mk60_oled.o(i.OLED_SetPos) for OLED_SetPos
    mk60_oled.o(i.OLED_P14x16CHCHAR) refers to mk60_oled.o(i.OLED_WriteDat) for OLED_WriteDat
    mk60_oled.o(i.OLED_P14x16CHCHAR) refers to mk60_oled.o(.constdata) for Word14x16
    mk60_oled.o(i.OLED_P6x8Char) refers to mk60_oled.o(i.OLED_SetPos) for OLED_SetPos
    mk60_oled.o(i.OLED_P6x8Char) refers to mk60_oled.o(i.OLED_WriteDat) for OLED_WriteDat
    mk60_oled.o(i.OLED_P6x8Char) refers to mk60_oled.o(.constdata) for F6x8
    mk60_oled.o(i.OLED_P6x8Flo) refers to cfcmple.o(.text) for __aeabi_cfcmple
    mk60_oled.o(i.OLED_P6x8Flo) refers to fmul.o(.text) for __aeabi_fmul
    mk60_oled.o(i.OLED_P6x8Flo) refers to f2d.o(.text) for __aeabi_f2d
    mk60_oled.o(i.OLED_P6x8Flo) refers to dadd.o(.text) for __aeabi_dadd
    mk60_oled.o(i.OLED_P6x8Flo) refers to d2f.o(.text) for __aeabi_d2f
    mk60_oled.o(i.OLED_P6x8Flo) refers to ffixui.o(.text) for __aeabi_f2uiz
    mk60_oled.o(i.OLED_P6x8Flo) refers to mk60_oled.o(i.OLED_P6x8Str) for OLED_P6x8Str
    mk60_oled.o(i.OLED_P6x8Int) refers to mk60_oled.o(i.OLED_P6x8Str) for OLED_P6x8Str
    mk60_oled.o(i.OLED_P6x8Str) refers to mk60_oled.o(i.OLED_SetPos) for OLED_SetPos
    mk60_oled.o(i.OLED_P6x8Str) refers to mk60_oled.o(i.OLED_WriteDat) for OLED_WriteDat
    mk60_oled.o(i.OLED_P6x8Str) refers to mk60_oled.o(.constdata) for F6x8
    mk60_oled.o(i.OLED_P8x16Char) refers to mk60_oled.o(i.OLED_SetPos) for OLED_SetPos
    mk60_oled.o(i.OLED_P8x16Char) refers to mk60_oled.o(i.OLED_WriteDat) for OLED_WriteDat
    mk60_oled.o(i.OLED_P8x16Char) refers to mk60_oled.o(.constdata) for F8X16
    mk60_oled.o(i.OLED_P8x16Str) refers to mk60_oled.o(i.OLED_SetPos) for OLED_SetPos
    mk60_oled.o(i.OLED_P8x16Str) refers to mk60_oled.o(i.OLED_WriteDat) for OLED_WriteDat
    mk60_oled.o(i.OLED_P8x16Str) refers to mk60_oled.o(.constdata) for F8X16
    mk60_oled.o(i.OLED_PinInit) refers to mk60_gpio.o(i.gpio_init) for gpio_init
    mk60_oled.o(i.OLED_PrintBMP) refers to mk60_oled.o(i.OLED_SetPos) for OLED_SetPos
    mk60_oled.o(i.OLED_PrintBMP) refers to mk60_oled.o(i.OLED_WriteDat) for OLED_WriteDat
    mk60_oled.o(i.OLED_PrintBinary) refers to mk60_oled.o(i.OLED_SetPos) for OLED_SetPos
    mk60_oled.o(i.OLED_PrintBinary) refers to mk60_oled.o(i.OLED_WriteDat) for OLED_WriteDat
    mk60_oled.o(i.OLED_SetPos) refers to mk60_oled.o(i.OLED_WriteCmd) for OLED_WriteCmd
    mk60_oled.o(i.OLED_WriteCmd) refers to mk60_gpio.o(i.gpio_set) for gpio_set
    mk60_oled.o(i.OLED_WriteCmd) refers to mk60_spi.o(.data) for SPIN
    mk60_oled.o(i.OLED_WriteDat) refers to mk60_gpio.o(i.gpio_set) for gpio_set
    mk60_oled.o(i.OLED_WriteDat) refers to mk60_spi.o(.data) for SPIN
    common.o(i.get_clk) refers to mk60_uart.o(i.uart_init) for uart_init
    common.o(i.get_clk) refers to common.o(.data) for mcgout_clk_mhz
    mk60_adc.o(i.adc_init) refers to mk60_port.o(i.port_init) for port_init
    mk60_adc.o(i.adc_once) refers to mk60_adc.o(i.adc_start) for adc_start
    mk60_adc.o(i.adc_once) refers to mk60_adc.o(.constdata) for ADCX
    mk60_adc.o(i.adc_read) refers to mk60_adc.o(i.adc_start) for adc_start
    mk60_adc.o(i.adc_read) refers to mk60_adc.o(.constdata) for ADCX
    mk60_adc.o(i.adc_start) refers to mk60_adc.o(.constdata) for ADCX
    mk60_adc.o(i.adc_stop) refers to mk60_adc.o(.constdata) for ADCX
    mk60_cmt.o(i.cmt_pwm_duty) refers to mk60_cmt.o(.data) for cmt_period
    mk60_cmt.o(i.cmt_pwm_freq) refers to common.o(.data) for bus_clk_mhz
    mk60_cmt.o(i.cmt_pwm_freq) refers to mk60_cmt.o(.data) for cmt_period
    mk60_cmt.o(i.cmt_pwm_init) refers to mk60_port.o(i.port_init) for port_init
    mk60_cmt.o(i.cmt_pwm_init) refers to common.o(.data) for bus_clk_mhz
    mk60_cmt.o(i.cmt_pwm_init) refers to mk60_cmt.o(.data) for cmt_period
    mk60_dac.o(i.dac_init) refers to mk60_dac.o(.constdata) for DACX
    mk60_dac.o(i.dac_out) refers to mk60_dac.o(.constdata) for DACX
    mk60_dma.o(i.DMA_count_Init) refers to mk60_dma.o(.bss) for count_init
    mk60_dma.o(i.DMA_count_Init) refers to mk60_dma.o(.constdata) for GPIOX
    mk60_dma.o(i.DMA_count_get) refers to mk60_dma.o(.bss) for count_init
    mk60_dma.o(i.DMA_count_reset) refers to mk60_dma.o(.bss) for count_init
    mk60_dma.o(i.dma_portx2buff_init) refers to mk60_port.o(i.port_init) for port_init
    mk60_dma.o(i.dma_portx2buff_init) refers to mk60_gpio.o(i.gpio_init) for gpio_init
    mk60_flash.o(i.FLASH_EraseSector) refers to mk60_flash.o(i.FlashCmdStart) for FlashCmdStart
    mk60_flash.o(i.FLASH_WriteSector) refers to mk60_flash.o(i.FlashCmdStart) for FlashCmdStart
    mk60_flash.o(i.FLASH_WriteSectorBuf) refers to mk60_flash.o(i.FlashCmdStart) for FlashCmdStart
    mk60_flash.o(i.FlashCmdStart) refers to mk60_flash.o(.data) for s_flash_command_run
    mk60_ftm.o(i.FTM_port_mux) refers to mk60_port.o(i.port_init) for port_init
    mk60_ftm.o(i.ftm_input_clean) refers to mk60_ftm.o(.constdata) for FTMX
    mk60_ftm.o(i.ftm_input_get) refers to mk60_ftm.o(.constdata) for FTMX
    mk60_ftm.o(i.ftm_input_init) refers to mk60_ftm.o(i.FTM_port_mux) for FTM_port_mux
    mk60_ftm.o(i.ftm_input_init) refers to mk60_ftm.o(.constdata) for FTMX
    mk60_ftm.o(i.ftm_input_init) refers to common.o(.data) for bus_clk_mhz
    mk60_ftm.o(i.ftm_pwm_duty) refers to mk60_ftm.o(.data) for period
    mk60_ftm.o(i.ftm_pwm_duty) refers to mk60_ftm.o(.constdata) for FTMX
    mk60_ftm.o(i.ftm_pwm_freq) refers to common.o(.data) for bus_clk_mhz
    mk60_ftm.o(i.ftm_pwm_freq) refers to mk60_ftm.o(.data) for period
    mk60_ftm.o(i.ftm_pwm_freq) refers to mk60_ftm.o(.constdata) for FTMX
    mk60_ftm.o(i.ftm_pwm_init) refers to mk60_ftm.o(i.FTM_port_mux) for FTM_port_mux
    mk60_ftm.o(i.ftm_pwm_init) refers to common.o(.data) for bus_clk_mhz
    mk60_ftm.o(i.ftm_pwm_init) refers to mk60_ftm.o(.data) for period
    mk60_ftm.o(i.ftm_pwm_init) refers to mk60_ftm.o(.constdata) for FTMX
    mk60_ftm.o(i.ftm_quad_clean) refers to mk60_ftm.o(.constdata) for FTMX
    mk60_ftm.o(i.ftm_quad_get) refers to mk60_ftm.o(.constdata) for FTMX
    mk60_ftm.o(i.ftm_quad_init) refers to mk60_port.o(i.port_init) for port_init
    mk60_ftm.o(i.ftm_quad_init) refers to mk60_ftm.o(.constdata) for FTMX
    mk60_gpio.o(i.gpio_ddr) refers to mk60_gpio.o(.constdata) for GPIOX
    mk60_gpio.o(i.gpio_get) refers to mk60_gpio.o(.constdata) for GPIOX
    mk60_gpio.o(i.gpio_init) refers to mk60_gpio.o(.constdata) for PORTX
    mk60_gpio.o(i.gpio_set) refers to mk60_gpio.o(.constdata) for GPIOX
    mk60_gpio.o(i.gpio_turn) refers to mk60_gpio.o(.constdata) for GPIOX
    mk60_i2c.o(i.i2c_init) refers to memcpya.o(.text) for __aeabi_memcpy4
    mk60_i2c.o(i.i2c_init) refers to mk60_port.o(i.port_init) for port_init
    mk60_i2c.o(i.i2c_init) refers to mk60_i2c.o(.constdata) for .constdata
    mk60_i2c.o(i.i2c_init) refers to common.o(.data) for bus_clk_mhz
    mk60_i2c.o(i.i2c_init) refers to mk60_i2c.o(.data) for I2CN
    mk60_i2c.o(i.i2c_read_reg) refers to mk60_i2c.o(i.i2c_delay) for i2c_delay
    mk60_i2c.o(i.i2c_read_reg) refers to mk60_i2c.o(.data) for I2CN
    mk60_i2c.o(i.i2c_read_reg_bytes) refers to mk60_i2c.o(i.i2c_delay) for i2c_delay
    mk60_i2c.o(i.i2c_read_reg_bytes) refers to mk60_i2c.o(.data) for I2CN
    mk60_i2c.o(i.i2c_write_reg) refers to mk60_i2c.o(i.i2c_delay) for i2c_delay
    mk60_i2c.o(i.i2c_write_reg) refers to mk60_i2c.o(.data) for I2CN
    mk60_lptmr.o(i.lptmr_pulse_init) refers to mk60_port.o(i.port_init) for port_init
    mk60_port.o(i.port_init) refers to mk60_port.o(.constdata) for PORTX
    mk60_port.o(i.port_init_NoAlt) refers to mk60_port.o(.constdata) for PORTX
    mk60_sdhc.o(i.sdhc_init) refers to mk60_sdhc.o(i.sdhc_initgpio) for sdhc_initgpio
    mk60_sdhc.o(i.sdhc_init) refers to mk60_sdhc.o(i.sdhc_setbaudrate) for sdhc_setbaudrate
    mk60_sdhc.o(i.sdhc_init) refers to mk60_sdhc.o(.data) for sdcard_ptr
    mk60_sdhc.o(i.sdhc_initcard) refers to malloc.o(i.malloc) for malloc
    mk60_sdhc.o(i.sdhc_initcard) refers to mk60_sdhc.o(i.sdhc_ioc) for sdhc_ioc
    mk60_sdhc.o(i.sdhc_initcard) refers to mk60_sdhc.o(.data) for sdcard_ptr
    mk60_sdhc.o(i.sdhc_initgpio) refers to mk60_port.o(i.port_init) for port_init
    mk60_sdhc.o(i.sdhc_ioc) refers to mk60_sdhc.o(i.sdhc_init) for sdhc_init
    mk60_sdhc.o(i.sdhc_ioc) refers to mk60_sdhc.o(i.sdhc_sendcommand) for sdhc_sendcommand
    mk60_sdhc.o(i.sdhc_ioc) refers to mk60_sdhc.o(i.sdhc_setbaudrate) for sdhc_setbaudrate
    mk60_sdhc.o(i.sdhc_ioc) refers to mk60_sdhc.o(i.sdhc_initgpio) for sdhc_initgpio
    mk60_sdhc.o(i.sdhc_ioc) refers to mk60_sdhc.o(i.sdhc_isrunning) for sdhc_isrunning
    mk60_sdhc.o(i.sdhc_ioc) refers to mk60_sdhc.o(i.sdhc_waitstatus) for sdhc_waitstatus
    mk60_sdhc.o(i.sdhc_ioc) refers to mk60_sdhc.o(.data) for sdcard_ptr
    mk60_sdhc.o(i.sdhc_ioc) refers to common.o(.data) for bus_clk_mhz
    mk60_sdhc.o(i.sdhc_readblocks) refers to mk60_sdhc.o(i.sdhc_ioc) for sdhc_ioc
    mk60_sdhc.o(i.sdhc_readblocks) refers to mk60_sdhc.o(i.sdhc_read) for sdhc_read
    mk60_sdhc.o(i.sdhc_readblocks) refers to mk60_sdhc.o(.data) for sdcard_ptr
    mk60_sdhc.o(i.sdhc_sendcommand) refers to mk60_sdhc.o(i.sdhc_waitstatus) for sdhc_waitstatus
    mk60_sdhc.o(i.sdhc_sendcommand) refers to mk60_sdhc.o(.data) for sdcard_ptr
    mk60_sdhc.o(i.sdhc_setbaudrate) refers to common.o(.data) for bus_clk_mhz
    mk60_sdhc.o(i.sdhc_writeblocks) refers to mk60_sdhc.o(i.sdhc_ioc) for sdhc_ioc
    mk60_sdhc.o(i.sdhc_writeblocks) refers to mk60_sdhc.o(i.sdhc_write) for sdhc_write
    mk60_sdhc.o(i.sdhc_writeblocks) refers to mk60_sdhc.o(i.sdhc_read) for sdhc_read
    mk60_sdhc.o(i.sdhc_writeblocks) refers to mk60_sdhc.o(.data) for sdcard_ptr
    mk60_spi.o(i.spi_init) refers to memcpya.o(.text) for __aeabi_memcpy4
    mk60_spi.o(i.spi_init) refers to mk60_port.o(i.port_init) for port_init
    mk60_spi.o(i.spi_init) refers to common.o(i.get_clk) for get_clk
    mk60_spi.o(i.spi_init) refers to mk60_spi.o(.constdata) for .constdata
    mk60_spi.o(i.spi_init) refers to mk60_spi.o(.data) for SPIN
    mk60_spi.o(i.spi_init) refers to common.o(.data) for bus_clk_mhz
    mk60_spi.o(i.spi_mosi) refers to mk60_spi.o(.data) for SPIN
    mk60_spi.o(i.spi_mosi_cmd) refers to mk60_spi.o(.data) for SPIN
    mk60_systick.o(i.systick_delay_ms) refers to mk60_systick.o(i.systick_delay) for systick_delay
    mk60_systick.o(i.systick_delay_ms) refers to common.o(.data) for core_clk_mhz
    mk60_uart.o(i.fputc) refers to mk60_uart.o(i.uart_putchar) for uart_putchar
    mk60_uart.o(i.uart_getchar) refers to mk60_uart.o(.data) for uart
    mk60_uart.o(i.uart_init) refers to mk60_port.o(i.port_init) for port_init
    mk60_uart.o(i.uart_init) refers to mk60_uart.o(.data) for uart
    mk60_uart.o(i.uart_init) refers to common.o(.data) for core_clk_mhz
    mk60_uart.o(i.uart_putbuff) refers to mk60_uart.o(i.uart_putchar) for uart_putchar
    mk60_uart.o(i.uart_putchar) refers to mk60_uart.o(.data) for uart
    mk60_uart.o(i.uart_putstr) refers to mk60_uart.o(i.uart_putchar) for uart_putchar
    mk60_uart.o(i.uart_querychar) refers to mk60_uart.o(.data) for uart
    mk60_uart.o(i.uart_rx_irq_dis) refers to mk60_uart.o(i.NVIC_DisableIRQ) for NVIC_DisableIRQ
    mk60_uart.o(i.uart_rx_irq_dis) refers to mk60_uart.o(.data) for uart
    mk60_uart.o(i.uart_rx_irq_en) refers to mk60_uart.o(i.NVIC_EnableIRQ) for NVIC_EnableIRQ
    mk60_uart.o(i.uart_rx_irq_en) refers to mk60_uart.o(.data) for uart
    mk60_uart.o(i.uart_txc_irq_dis) refers to mk60_uart.o(i.NVIC_DisableIRQ) for NVIC_DisableIRQ
    mk60_uart.o(i.uart_txc_irq_dis) refers to mk60_uart.o(.data) for uart
    mk60_uart.o(i.uart_txc_irq_en) refers to mk60_uart.o(i.NVIC_EnableIRQ) for NVIC_EnableIRQ
    mk60_uart.o(i.uart_txc_irq_en) refers to mk60_uart.o(.data) for uart
    mk60_wdog.o(i.wdog_disable) refers to mk60_wdog.o(i.wdog_unlock) for wdog_unlock
    mk60_wdog.o(i.wdog_enable) refers to mk60_wdog.o(i.wdog_unlock) for wdog_unlock
    mk60_wdog.o(i.wdog_init_ms) refers to mk60_wdog.o(i.wdog_unlock) for wdog_unlock
    startup_mk60d10.o(RESET) refers to startup_mk60d10.o(STACK) for __initial_sp
    startup_mk60d10.o(RESET) refers to startup_mk60d10.o(.text) for Reset_Handler
    startup_mk60d10.o(RESET) refers to system_mk60.o(i.NMI_Handler) for NMI_Handler
    startup_mk60d10.o(.text) refers to system_mk60.o(i.Start) for Start
    startup_mk60d10.o(.text) refers to entry.o(.ARM.Collect$$$$00000000) for __main
    system_mk60.o(i.SYSTEM_CLK) refers to system_mk60.o(i.div_set) for div_set
    system_mk60.o(i.Start) refers to system_mk60.o(i.Disable_Wdog) for Disable_Wdog
    system_mk60.o(i.Start) refers to system_mk60.o(i.SYSTEM_CLK) for SYSTEM_CLK
    system_mk60.o(i.Start) refers to mk60_gpio.o(i.gpio_init) for gpio_init
    entry.o(.ARM.Collect$$$$00000000) refers (Special) to entry10a.o(.ARM.Collect$$$$0000000D) for __rt_final_cpp
    entry.o(.ARM.Collect$$$$00000000) refers (Special) to entry11a.o(.ARM.Collect$$$$0000000F) for __rt_final_exit
    entry.o(.ARM.Collect$$$$00000000) refers (Special) to entry7b.o(.ARM.Collect$$$$00000008) for _main_clock
    entry.o(.ARM.Collect$$$$00000000) refers (Special) to entry8b.o(.ARM.Collect$$$$0000000A) for _main_cpp_init
    entry.o(.ARM.Collect$$$$00000000) refers (Special) to entry9a.o(.ARM.Collect$$$$0000000B) for _main_init
    entry.o(.ARM.Collect$$$$00000000) refers (Special) to entry5.o(.ARM.Collect$$$$00000004) for _main_scatterload
    entry.o(.ARM.Collect$$$$00000000) refers (Special) to entry2.o(.ARM.Collect$$$$00000001) for _main_stk
    malloc.o(i.free) refers to mvars.o(.data) for __microlib_freelist
    malloc.o(i.malloc) refers to mvars.o(.data) for __microlib_freelist_initialised
    malloc.o(i.malloc) refers to mvars.o(.data) for __microlib_freelist
    malloc.o(i.malloc) refers to startup_mk60d10.o(HEAP) for __heap_base
    mallocr.o(i.__free$realloc) refers to mvars.o(.data) for __microlib_freelist
    mallocr.o(i.__malloc$realloc) refers to mallocr.o(i.internal_alloc) for internal_alloc
    mallocr.o(i.__malloc$realloc) refers to mvars.o(.data) for __microlib_freelist_initialised
    mallocr.o(i.__malloc$realloc) refers to startup_mk60d10.o(HEAP) for __heap_base
    mallocr.o(i.__malloc$realloc) refers to mvars.o(.data) for __microlib_freelist
    mallocr.o(i.internal_alloc) refers to memcpya.o(.text) for __aeabi_memcpy
    mallocr.o(i.internal_alloc) refers to mvars.o(.data) for __microlib_freelist
    mallocr.o(i.realloc) refers to mallocr.o(i.__free$realloc) for __free$realloc
    mallocr.o(i.realloc) refers to mallocr.o(i.internal_alloc) for internal_alloc
    mallocr.o(i.realloc) refers to mallocr.o(i.__malloc$realloc) for __malloc$realloc
    mallocr.o(i.realloc) refers to mvars.o(.data) for __microlib_freelist
    malloca.o(i.__aligned_malloc) refers to mvars.o(.data) for __microlib_freelist_initialised
    malloca.o(i.__aligned_malloc) refers to mvars.o(.data) for __microlib_freelist
    malloca.o(i.__aligned_malloc) refers to startup_mk60d10.o(HEAP) for __heap_base
    malloca.o(i.__free$memalign) refers to mvars.o(.data) for __microlib_freelist
    malloca.o(i.__malloc$memalign) refers to malloca.o(i.__aligned_malloc) for __aligned_malloc
    mallocra.o(i.__aligned_malloc$realloc) refers to mallocra.o(i.internal_alloc) for internal_alloc
    mallocra.o(i.__aligned_malloc$realloc) refers to mvars.o(.data) for __microlib_freelist_initialised
    mallocra.o(i.__aligned_malloc$realloc) refers to startup_mk60d10.o(HEAP) for __heap_base
    mallocra.o(i.__aligned_malloc$realloc) refers to mvars.o(.data) for __microlib_freelist
    mallocra.o(i.__free$realloc$memalign) refers to mvars.o(.data) for __microlib_freelist
    mallocra.o(i.__malloc$realloc$memalign) refers to mallocra.o(i.__aligned_malloc$realloc) for __aligned_malloc$realloc
    mallocra.o(i.__realloc$memalign) refers to mallocra.o(i.__free$realloc$memalign) for __free$realloc$memalign
    mallocra.o(i.__realloc$memalign) refers to mallocra.o(i.internal_alloc) for internal_alloc
    mallocra.o(i.__realloc$memalign) refers to mallocra.o(i.__malloc$realloc$memalign) for __malloc$realloc$memalign
    mallocra.o(i.__realloc$memalign) refers to mvars.o(.data) for __microlib_freelist
    mallocra.o(i.internal_alloc) refers to memcpya.o(.text) for __aeabi_memcpy
    mallocra.o(i.internal_alloc) refers to mvars.o(.data) for __microlib_freelist
    fadd.o(.text) refers (Special) to iusefp.o(.text) for __I$use$fp
    fadd.o(.text) refers to fepilogue.o(.text) for _float_epilogue
    fmul.o(.text) refers (Special) to iusefp.o(.text) for __I$use$fp
    dadd.o(.text) refers (Special) to iusefp.o(.text) for __I$use$fp
    dadd.o(.text) refers to llshl.o(.text) for __aeabi_llsl
    dadd.o(.text) refers to llsshr.o(.text) for __aeabi_lasr
    dadd.o(.text) refers to depilogue.o(.text) for _double_epilogue
    dmul.o(.text) refers (Special) to iusefp.o(.text) for __I$use$fp
    dmul.o(.text) refers to depilogue.o(.text) for _double_epilogue
    ddiv.o(.text) refers (Special) to iusefp.o(.text) for __I$use$fp
    ddiv.o(.text) refers to depilogue.o(.text) for _double_round
    fflti.o(.text) refers (Special) to iusefp.o(.text) for __I$use$fp
    fflti.o(.text) refers to fepilogue.o(.text) for _float_epilogue
    ffltui.o(.text) refers (Special) to iusefp.o(.text) for __I$use$fp
    ffltui.o(.text) refers to fepilogue.o(.text) for _float_epilogue
    dflti.o(.text) refers (Special) to iusefp.o(.text) for __I$use$fp
    dflti.o(.text) refers to depilogue.o(.text) for _double_epilogue
    ffixi.o(.text) refers (Special) to iusefp.o(.text) for __I$use$fp
    ffixui.o(.text) refers (Special) to iusefp.o(.text) for __I$use$fp
    dfixi.o(.text) refers (Special) to iusefp.o(.text) for __I$use$fp
    dfixi.o(.text) refers to llushr.o(.text) for __aeabi_llsr
    dfixui.o(.text) refers (Special) to iusefp.o(.text) for __I$use$fp
    dfixui.o(.text) refers to llushr.o(.text) for __aeabi_llsr
    f2d.o(.text) refers (Special) to iusefp.o(.text) for __I$use$fp
    d2f.o(.text) refers (Special) to iusefp.o(.text) for __I$use$fp
    d2f.o(.text) refers to fepilogue.o(.text) for _float_round
    cfcmple.o(.text) refers (Special) to iusefp.o(.text) for __I$use$fp
    cfrcmple.o(.text) refers (Special) to iusefp.o(.text) for __I$use$fp
    entry2.o(.ARM.Collect$$$$00000001) refers to entry2.o(.ARM.Collect$$$$00002712) for __lit__00000000
    entry2.o(.ARM.Collect$$$$00002712) refers to startup_mk60d10.o(STACK) for __initial_sp
    entry2.o(__vectab_stack_and_reset_area) refers to startup_mk60d10.o(STACK) for __initial_sp
    entry2.o(__vectab_stack_and_reset_area) refers to entry.o(.ARM.Collect$$$$00000000) for __main
    entry5.o(.ARM.Collect$$$$00000004) refers to init.o(.text) for __scatterload
    entry9a.o(.ARM.Collect$$$$0000000B) refers to main.o(i.main) for main
    entry9b.o(.ARM.Collect$$$$0000000C) refers to main.o(i.main) for main
    depilogue.o(.text) refers to llshl.o(.text) for __aeabi_llsl
    depilogue.o(.text) refers to llushr.o(.text) for __aeabi_llsr
    init.o(.text) refers to entry5.o(.ARM.Collect$$$$00000004) for __main_after_scatterload


==============================================================================

Removing Unused input sections from the image.

    Removing isr.o(.rev16_text), (4 bytes).
    Removing isr.o(.revsh_text), (4 bytes).
    Removing main.o(.rev16_text), (4 bytes).
    Removing main.o(.revsh_text), (4 bytes).
    Removing menu.o(.rev16_text), (4 bytes).
    Removing menu.o(.revsh_text), (4 bytes).
    Removing mk60_oled.o(.rev16_text), (4 bytes).
    Removing mk60_oled.o(.revsh_text), (4 bytes).
    Removing mk60_oled.o(i.OLED_P14x16CHCHAR), (168 bytes).
    Removing mk60_oled.o(i.OLED_P6x8Char), (84 bytes).
    Removing mk60_oled.o(i.OLED_P8x16Char), (112 bytes).
    Removing mk60_oled.o(i.OLED_P8x16Str), (136 bytes).
    Removing mk60_oled.o(i.OLED_PrintBMP), (76 bytes).
    Removing mk60_oled.o(i.OLED_PrintBinary), (110 bytes).
    Removing common.o(.rev16_text), (4 bytes).
    Removing common.o(.revsh_text), (4 bytes).
    Removing misc.o(.rev16_text), (4 bytes).
    Removing misc.o(.revsh_text), (4 bytes).
    Removing misc.o(i.write_vtor), (12 bytes).
    Removing mk60_adc.o(.rev16_text), (4 bytes).
    Removing mk60_adc.o(.revsh_text), (4 bytes).
    Removing mk60_adc.o(i.adc_init), (432 bytes).
    Removing mk60_adc.o(i.adc_once), (76 bytes).
    Removing mk60_adc.o(i.adc_read), (96 bytes).
    Removing mk60_adc.o(i.adc_start), (56 bytes).
    Removing mk60_adc.o(i.adc_stop), (16 bytes).
    Removing mk60_adc.o(.constdata), (8 bytes).
    Removing mk60_cmt.o(.rev16_text), (4 bytes).
    Removing mk60_cmt.o(.revsh_text), (4 bytes).
    Removing mk60_cmt.o(i.cmt_pwm_duty), (56 bytes).
    Removing mk60_cmt.o(i.cmt_pwm_freq), (108 bytes).
    Removing mk60_cmt.o(i.cmt_pwm_init), (164 bytes).
    Removing mk60_cmt.o(.data), (2 bytes).
    Removing mk60_dac.o(.rev16_text), (4 bytes).
    Removing mk60_dac.o(.revsh_text), (4 bytes).
    Removing mk60_dac.o(i.dac_init), (84 bytes).
    Removing mk60_dac.o(i.dac_out), (28 bytes).
    Removing mk60_dac.o(.constdata), (8 bytes).
    Removing mk60_dma.o(.rev16_text), (4 bytes).
    Removing mk60_dma.o(.revsh_text), (4 bytes).
    Removing mk60_dma.o(i.DMA_count_Init), (396 bytes).
    Removing mk60_dma.o(i.DMA_count_get), (28 bytes).
    Removing mk60_dma.o(i.DMA_count_reset), (44 bytes).
    Removing mk60_dma.o(i.dma_portx2buff_init), (420 bytes).
    Removing mk60_dma.o(.bss), (64 bytes).
    Removing mk60_dma.o(.constdata), (40 bytes).
    Removing mk60_flash.o(.rev16_text), (4 bytes).
    Removing mk60_flash.o(.revsh_text), (4 bytes).
    Removing mk60_flash.o(i.FLASH_GetSectorSize), (6 bytes).
    Removing mk60_flash.o(i.FLASH_WriteSectorBuf), (116 bytes).
    Removing mk60_ftm.o(.rev16_text), (4 bytes).
    Removing mk60_ftm.o(.revsh_text), (4 bytes).
    Removing mk60_ftm.o(i.FTM_port_mux), (260 bytes).
    Removing mk60_ftm.o(i.ftm_input_clean), (16 bytes).
    Removing mk60_ftm.o(i.ftm_input_get), (24 bytes).
    Removing mk60_ftm.o(i.ftm_input_init), (260 bytes).
    Removing mk60_ftm.o(i.ftm_pwm_duty), (104 bytes).
    Removing mk60_ftm.o(i.ftm_pwm_freq), (120 bytes).
    Removing mk60_ftm.o(i.ftm_pwm_init), (284 bytes).
    Removing mk60_ftm.o(i.ftm_quad_clean), (16 bytes).
    Removing mk60_ftm.o(i.ftm_quad_get), (20 bytes).
    Removing mk60_ftm.o(i.ftm_quad_init), (216 bytes).
    Removing mk60_ftm.o(.constdata), (12 bytes).
    Removing mk60_ftm.o(.data), (6 bytes).
    Removing mk60_gpio.o(.rev16_text), (4 bytes).
    Removing mk60_gpio.o(.revsh_text), (4 bytes).
    Removing mk60_gpio.o(i.gpio_ddr), (80 bytes).
    Removing mk60_gpio.o(i.gpio_turn), (40 bytes).
    Removing mk60_i2c.o(.rev16_text), (4 bytes).
    Removing mk60_i2c.o(.revsh_text), (4 bytes).
    Removing mk60_i2c.o(i.i2c_delay), (26 bytes).
    Removing mk60_i2c.o(i.i2c_init), (304 bytes).
    Removing mk60_i2c.o(i.i2c_read_reg), (324 bytes).
    Removing mk60_i2c.o(i.i2c_read_reg_bytes), (452 bytes).
    Removing mk60_i2c.o(i.i2c_write_reg), (204 bytes).
    Removing mk60_i2c.o(.constdata), (128 bytes).
    Removing mk60_i2c.o(.data), (12 bytes).
    Removing mk60_lptmr.o(.rev16_text), (4 bytes).
    Removing mk60_lptmr.o(.revsh_text), (4 bytes).
    Removing mk60_lptmr.o(i.lptmr_pulse_clean), (28 bytes).
    Removing mk60_lptmr.o(i.lptmr_pulse_get), (36 bytes).
    Removing mk60_lptmr.o(i.lptmr_pulse_init), (112 bytes).
    Removing mk60_pit.o(.rev16_text), (4 bytes).
    Removing mk60_pit.o(.revsh_text), (4 bytes).
    Removing mk60_pit.o(i.pit_close), (48 bytes).
    Removing mk60_pit.o(i.pit_delay), (128 bytes).
    Removing mk60_pit.o(i.pit_init), (92 bytes).
    Removing mk60_pit.o(i.pit_time_get), (84 bytes).
    Removing mk60_pit.o(i.pit_time_start), (92 bytes).
    Removing mk60_port.o(.rev16_text), (4 bytes).
    Removing mk60_port.o(.revsh_text), (4 bytes).
    Removing mk60_port.o(i.port_init_NoAlt), (84 bytes).
    Removing mk60_rtc.o(.rev16_text), (4 bytes).
    Removing mk60_rtc.o(.revsh_text), (4 bytes).
    Removing mk60_rtc.o(i.rtc_close_alarm), (20 bytes).
    Removing mk60_rtc.o(i.rtc_get_time), (12 bytes).
    Removing mk60_rtc.o(i.rtc_init), (96 bytes).
    Removing mk60_rtc.o(i.rtc_set_alarm), (56 bytes).
    Removing mk60_rtc.o(i.rtc_set_time), (32 bytes).
    Removing mk60_sdhc.o(.rev16_text), (4 bytes).
    Removing mk60_sdhc.o(.revsh_text), (4 bytes).
    Removing mk60_sdhc.o(i.sdhc_init), (188 bytes).
    Removing mk60_sdhc.o(i.sdhc_initcard), (592 bytes).
    Removing mk60_sdhc.o(i.sdhc_initgpio), (104 bytes).
    Removing mk60_sdhc.o(i.sdhc_ioc), (996 bytes).
    Removing mk60_sdhc.o(i.sdhc_isrunning), (24 bytes).
    Removing mk60_sdhc.o(i.sdhc_read), (276 bytes).
    Removing mk60_sdhc.o(i.sdhc_readblocks), (136 bytes).
    Removing mk60_sdhc.o(i.sdhc_sendcommand), (288 bytes).
    Removing mk60_sdhc.o(i.sdhc_setbaudrate), (232 bytes).
    Removing mk60_sdhc.o(i.sdhc_waitstatus), (24 bytes).
    Removing mk60_sdhc.o(i.sdhc_write), (272 bytes).
    Removing mk60_sdhc.o(i.sdhc_writeblocks), (356 bytes).
    Removing mk60_sdhc.o(.data), (4 bytes).
    Removing mk60_spi.o(.rev16_text), (4 bytes).
    Removing mk60_spi.o(.revsh_text), (4 bytes).
    Removing mk60_spi.o(i.spi_mosi), (264 bytes).
    Removing mk60_spi.o(i.spi_mosi_cmd), (492 bytes).
    Removing mk60_systick.o(.rev16_text), (4 bytes).
    Removing mk60_systick.o(.revsh_text), (4 bytes).
    Removing mk60_systick.o(i.systick_getval), (8 bytes).
    Removing mk60_systick.o(i.systick_timing), (24 bytes).
    Removing mk60_uart.o(.rev16_text), (4 bytes).
    Removing mk60_uart.o(.revsh_text), (4 bytes).
    Removing mk60_uart.o(i.NVIC_DisableIRQ), (24 bytes).
    Removing mk60_uart.o(i.NVIC_EnableIRQ), (22 bytes).
    Removing mk60_uart.o(i.fputc), (18 bytes).
    Removing mk60_uart.o(i.uart_getchar), (36 bytes).
    Removing mk60_uart.o(i.uart_putbuff), (30 bytes).
    Removing mk60_uart.o(i.uart_putchar), (32 bytes).
    Removing mk60_uart.o(i.uart_putstr), (26 bytes).
    Removing mk60_uart.o(i.uart_querychar), (36 bytes).
    Removing mk60_uart.o(i.uart_rx_irq_dis), (56 bytes).
    Removing mk60_uart.o(i.uart_rx_irq_en), (44 bytes).
    Removing mk60_uart.o(i.uart_txc_irq_dis), (56 bytes).
    Removing mk60_uart.o(i.uart_txc_irq_en), (44 bytes).
    Removing mk60_wdog.o(.rev16_text), (4 bytes).
    Removing mk60_wdog.o(.revsh_text), (4 bytes).
    Removing mk60_wdog.o(i.wdog_disable), (24 bytes).
    Removing mk60_wdog.o(i.wdog_enable), (24 bytes).
    Removing mk60_wdog.o(i.wdog_feed), (36 bytes).
    Removing mk60_wdog.o(i.wdog_init_ms), (44 bytes).
    Removing mk60_wdog.o(i.wdog_unlock), (36 bytes).
    Removing startup_mk60d10.o(HEAP), (4096 bytes).
    Removing system_mk60.o(.rev16_text), (4 bytes).
    Removing system_mk60.o(.revsh_text), (4 bytes).

146 unused section(s) (total 15930 bytes) removed from the image.

==============================================================================

Image Symbol Table

    Local Symbols

    Symbol Name                              Value     Ov Type        Size  Object(Section)

    RESET                                    0x00000000   Section     1024  startup_mk60d10.o(RESET)
    ../clib/microlib/init/entry.s            0x00000000   Number         0  entry5.o ABSOLUTE
    ../clib/microlib/init/entry.s            0x00000000   Number         0  entry.o ABSOLUTE
    ../clib/microlib/init/entry.s            0x00000000   Number         0  entry9a.o ABSOLUTE
    ../clib/microlib/init/entry.s            0x00000000   Number         0  entry8b.o ABSOLUTE
    ../clib/microlib/init/entry.s            0x00000000   Number         0  entry8a.o ABSOLUTE
    ../clib/microlib/init/entry.s            0x00000000   Number         0  entry7b.o ABSOLUTE
    ../clib/microlib/init/entry.s            0x00000000   Number         0  entry7a.o ABSOLUTE
    ../clib/microlib/init/entry.s            0x00000000   Number         0  entry10a.o ABSOLUTE
    ../clib/microlib/init/entry.s            0x00000000   Number         0  entry2.o ABSOLUTE
    ../clib/microlib/init/entry.s            0x00000000   Number         0  entry9b.o ABSOLUTE
    ../clib/microlib/init/entry.s            0x00000000   Number         0  entry11b.o ABSOLUTE
    ../clib/microlib/init/entry.s            0x00000000   Number         0  entry11a.o ABSOLUTE
    ../clib/microlib/init/entry.s            0x00000000   Number         0  entry10b.o ABSOLUTE
    ../clib/microlib/longlong.c              0x00000000   Number         0  llsshr.o ABSOLUTE
    ../clib/microlib/longlong.c              0x00000000   Number         0  llushr.o ABSOLUTE
    ../clib/microlib/longlong.c              0x00000000   Number         0  llshl.o ABSOLUTE
    ../clib/microlib/malloc/malloc.c         0x00000000   Number         0  malloc.o ABSOLUTE
    ../clib/microlib/malloc/malloc.c         0x00000000   Number         0  mallocr.o ABSOLUTE
    ../clib/microlib/malloc/malloc.c         0x00000000   Number         0  malloca.o ABSOLUTE
    ../clib/microlib/malloc/malloc.c         0x00000000   Number         0  mallocra.o ABSOLUTE
    ../clib/microlib/malloc/mvars.c          0x00000000   Number         0  mvars.o ABSOLUTE
    ../clib/microlib/string/memcpy.c         0x00000000   Number         0  memcpya.o ABSOLUTE
    ../clib/microlib/string/memcpy.c         0x00000000   Number         0  memcpyb.o ABSOLUTE
    ../clib/microlib/stubs.s                 0x00000000   Number         0  iusefp.o ABSOLUTE
    ../fplib/microlib/d2f.c                  0x00000000   Number         0  d2f.o ABSOLUTE
    ../fplib/microlib/f2d.c                  0x00000000   Number         0  f2d.o ABSOLUTE
    ../fplib/microlib/fpadd.c                0x00000000   Number         0  dadd.o ABSOLUTE
    ../fplib/microlib/fpadd.c                0x00000000   Number         0  fadd.o ABSOLUTE
    ../fplib/microlib/fpdiv.c                0x00000000   Number         0  ddiv.o ABSOLUTE
    ../fplib/microlib/fpepilogue.c           0x00000000   Number         0  depilogue.o ABSOLUTE
    ../fplib/microlib/fpepilogue.c           0x00000000   Number         0  fepilogue.o ABSOLUTE
    ../fplib/microlib/fpfix.c                0x00000000   Number         0  ffixui.o ABSOLUTE
    ../fplib/microlib/fpfix.c                0x00000000   Number         0  dfixui.o ABSOLUTE
    ../fplib/microlib/fpfix.c                0x00000000   Number         0  ffixi.o ABSOLUTE
    ../fplib/microlib/fpfix.c                0x00000000   Number         0  dfixi.o ABSOLUTE
    ../fplib/microlib/fpflt.c                0x00000000   Number         0  dflti.o ABSOLUTE
    ../fplib/microlib/fpflt.c                0x00000000   Number         0  fflti.o ABSOLUTE
    ../fplib/microlib/fpflt.c                0x00000000   Number         0  ffltui.o ABSOLUTE
    ../fplib/microlib/fpmul.c                0x00000000   Number         0  fmul.o ABSOLUTE
    ../fplib/microlib/fpmul.c                0x00000000   Number         0  dmul.o ABSOLUTE
    Chip\\src\\MK60_adc.c                    0x00000000   Number         0  mk60_adc.o ABSOLUTE
    Chip\\src\\MK60_cmt.c                    0x00000000   Number         0  mk60_cmt.o ABSOLUTE
    Chip\\src\\MK60_dac.c                    0x00000000   Number         0  mk60_dac.o ABSOLUTE
    Chip\\src\\MK60_dma.c                    0x00000000   Number         0  mk60_dma.o ABSOLUTE
    Chip\\src\\MK60_flash.c                  0x00000000   Number         0  mk60_flash.o ABSOLUTE
    Chip\\src\\MK60_ftm.c                    0x00000000   Number         0  mk60_ftm.o ABSOLUTE
    Chip\\src\\MK60_gpio.c                   0x00000000   Number         0  mk60_gpio.o ABSOLUTE
    Chip\\src\\MK60_i2c.c                    0x00000000   Number         0  mk60_i2c.o ABSOLUTE
    Chip\\src\\MK60_lptmr.c                  0x00000000   Number         0  mk60_lptmr.o ABSOLUTE
    Chip\\src\\MK60_pit.c                    0x00000000   Number         0  mk60_pit.o ABSOLUTE
    Chip\\src\\MK60_port.c                   0x00000000   Number         0  mk60_port.o ABSOLUTE
    Chip\\src\\MK60_rtc.c                    0x00000000   Number         0  mk60_rtc.o ABSOLUTE
    Chip\\src\\MK60_sdhc.c                   0x00000000   Number         0  mk60_sdhc.o ABSOLUTE
    Chip\\src\\MK60_spi.c                    0x00000000   Number         0  mk60_spi.o ABSOLUTE
    Chip\\src\\MK60_systick.c                0x00000000   Number         0  mk60_systick.o ABSOLUTE
    Chip\\src\\MK60_uart.c                   0x00000000   Number         0  mk60_uart.o ABSOLUTE
    Chip\\src\\MK60_wdog.c                   0x00000000   Number         0  mk60_wdog.o ABSOLUTE
    Chip\\src\\common.c                      0x00000000   Number         0  common.o ABSOLUTE
    Chip\\src\\misc.c                        0x00000000   Number         0  misc.o ABSOLUTE
    Chip\src\MK60_adc.c                      0x00000000   Number         0  mk60_adc.o ABSOLUTE
    Chip\src\MK60_cmt.c                      0x00000000   Number         0  mk60_cmt.o ABSOLUTE
    Chip\src\MK60_dac.c                      0x00000000   Number         0  mk60_dac.o ABSOLUTE
    Chip\src\MK60_dma.c                      0x00000000   Number         0  mk60_dma.o ABSOLUTE
    Chip\src\MK60_flash.c                    0x00000000   Number         0  mk60_flash.o ABSOLUTE
    Chip\src\MK60_ftm.c                      0x00000000   Number         0  mk60_ftm.o ABSOLUTE
    Chip\src\MK60_gpio.c                     0x00000000   Number         0  mk60_gpio.o ABSOLUTE
    Chip\src\MK60_i2c.c                      0x00000000   Number         0  mk60_i2c.o ABSOLUTE
    Chip\src\MK60_lptmr.c                    0x00000000   Number         0  mk60_lptmr.o ABSOLUTE
    Chip\src\MK60_pit.c                      0x00000000   Number         0  mk60_pit.o ABSOLUTE
    Chip\src\MK60_port.c                     0x00000000   Number         0  mk60_port.o ABSOLUTE
    Chip\src\MK60_rtc.c                      0x00000000   Number         0  mk60_rtc.o ABSOLUTE
    Chip\src\MK60_sdhc.c                     0x00000000   Number         0  mk60_sdhc.o ABSOLUTE
    Chip\src\MK60_spi.c                      0x00000000   Number         0  mk60_spi.o ABSOLUTE
    Chip\src\MK60_systick.c                  0x00000000   Number         0  mk60_systick.o ABSOLUTE
    Chip\src\MK60_uart.c                     0x00000000   Number         0  mk60_uart.o ABSOLUTE
    Chip\src\MK60_wdog.c                     0x00000000   Number         0  mk60_wdog.o ABSOLUTE
    Chip\src\common.c                        0x00000000   Number         0  common.o ABSOLUTE
    Chip\src\misc.c                          0x00000000   Number         0  misc.o ABSOLUTE
    Startup\DeviceSupport\MDK-ARM\startup_MK60D10.s 0x00000000   Number         0  startup_mk60d10.o ABSOLUTE
    Startup\DeviceSupport\system_MK60.c      0x00000000   Number         0  system_mk60.o ABSOLUTE
    Startup\\DeviceSupport\\system_MK60.c    0x00000000   Number         0  system_mk60.o ABSOLUTE
    User\MK60_oled.c                         0x00000000   Number         0  mk60_oled.o ABSOLUTE
    User\\MK60_oled.c                        0x00000000   Number         0  mk60_oled.o ABSOLUTE
    User\\isr.c                              0x00000000   Number         0  isr.o ABSOLUTE
    User\\main.c                             0x00000000   Number         0  main.o ABSOLUTE
    User\\menu.c                             0x00000000   Number         0  menu.o ABSOLUTE
    User\isr.c                               0x00000000   Number         0  isr.o ABSOLUTE
    User\main.c                              0x00000000   Number         0  main.o ABSOLUTE
    User\menu.c                              0x00000000   Number         0  menu.o ABSOLUTE
    cfcmple.s                                0x00000000   Number         0  cfcmple.o ABSOLUTE
    cfrcmple.s                               0x00000000   Number         0  cfrcmple.o ABSOLUTE
    dc.s                                     0x00000000   Number         0  dc.o ABSOLUTE
    handlers.s                               0x00000000   Number         0  handlers.o ABSOLUTE
    init.s                                   0x00000000   Number         0  init.o ABSOLUTE
    .ARM.__at_0x400                          0x00000400   Section       16  startup_mk60d10.o(.ARM.__at_0x400)
    .ARM.Collect$$$$00000000                 0x00000410   Section        0  entry.o(.ARM.Collect$$$$00000000)
    .ARM.Collect$$$$00000001                 0x00000410   Section        4  entry2.o(.ARM.Collect$$$$00000001)
    .ARM.Collect$$$$00000004                 0x00000414   Section        4  entry5.o(.ARM.Collect$$$$00000004)
    .ARM.Collect$$$$00000008                 0x00000418   Section        0  entry7b.o(.ARM.Collect$$$$00000008)
    .ARM.Collect$$$$0000000A                 0x00000418   Section        0  entry8b.o(.ARM.Collect$$$$0000000A)
    .ARM.Collect$$$$0000000B                 0x00000418   Section        8  entry9a.o(.ARM.Collect$$$$0000000B)
    .ARM.Collect$$$$0000000D                 0x00000420   Section        0  entry10a.o(.ARM.Collect$$$$0000000D)
    .ARM.Collect$$$$0000000F                 0x00000420   Section        0  entry11a.o(.ARM.Collect$$$$0000000F)
    .ARM.Collect$$$$00002712                 0x00000420   Section        4  entry2.o(.ARM.Collect$$$$00002712)
    __lit__00000000                          0x00000420   Data           4  entry2.o(.ARM.Collect$$$$00002712)
    .text                                    0x00000424   Section       40  startup_mk60d10.o(.text)
    .text                                    0x0000044c   Section        0  memcpya.o(.text)
    .text                                    0x00000470   Section        0  fadd.o(.text)
    .text                                    0x00000520   Section        0  fmul.o(.text)
    .text                                    0x00000584   Section        0  dadd.o(.text)
    .text                                    0x000006d2   Section        0  dmul.o(.text)
    .text                                    0x000007b6   Section        0  ddiv.o(.text)
    .text                                    0x00000894   Section        0  fflti.o(.text)
    .text                                    0x000008a6   Section        0  ffltui.o(.text)
    .text                                    0x000008b0   Section        0  dflti.o(.text)
    .text                                    0x000008d2   Section        0  ffixi.o(.text)
    .text                                    0x00000904   Section        0  ffixui.o(.text)
    .text                                    0x0000092c   Section        0  dfixi.o(.text)
    .text                                    0x0000096a   Section        0  dfixui.o(.text)
    .text                                    0x0000099c   Section        0  f2d.o(.text)
    .text                                    0x000009c2   Section        0  d2f.o(.text)
    .text                                    0x000009fc   Section       20  cfcmple.o(.text)
    .text                                    0x00000a10   Section       20  cfrcmple.o(.text)
    .text                                    0x00000a24   Section        0  llshl.o(.text)
    .text                                    0x00000a42   Section        0  llushr.o(.text)
    .text                                    0x00000a62   Section        0  llsshr.o(.text)
    .text                                    0x00000a86   Section        0  iusefp.o(.text)
    .text                                    0x00000a86   Section        0  fepilogue.o(.text)
    .text                                    0x00000af4   Section        0  depilogue.o(.text)
    .text                                    0x00000bb0   Section       36  init.o(.text)
    i.Button_Get                             0x00000bd4   Section        0  menu.o(i.Button_Get)
    Button_Get                               0x00000bd5   Thumb Code    68  menu.o(i.Button_Get)
    i.Disable_Wdog                           0x00000c18   Section        0  system_mk60.o(i.Disable_Wdog)
    i.FLASH_EraseSector                      0x00000c34   Section        0  mk60_flash.o(i.FLASH_EraseSector)
    i.FLASH_Init                             0x00000c68   Section        0  mk60_flash.o(i.FLASH_Init)
    i.FLASH_WriteSector                      0x00000c74   Section        0  mk60_flash.o(i.FLASH_WriteSector)
    i.FlashCmdStart                          0x00000cd4   Section        0  mk60_flash.o(i.FlashCmdStart)
    FlashCmdStart                            0x00000cd5   Thumb Code    38  mk60_flash.o(i.FlashCmdStart)
    i.Menu_Data_Init                         0x00000d08   Section        0  menu.o(i.Menu_Data_Init)
    Menu_Data_Init                           0x00000d09   Thumb Code    52  menu.o(i.Menu_Data_Init)
    i.Menu_HomePage_Show                     0x00000d60   Section        0  menu.o(i.Menu_HomePage_Show)
    Menu_HomePage_Show                       0x00000d61   Thumb Code   104  menu.o(i.Menu_HomePage_Show)
    i.Menu_Init                              0x00000dd4   Section        0  menu.o(i.Menu_Init)
    i.Menu_SubPage_Show                      0x000010a4   Section        0  menu.o(i.Menu_SubPage_Show)
    Menu_SubPage_Show                        0x000010a5   Thumb Code   318  menu.o(i.Menu_SubPage_Show)
    i.Menu_Work                              0x000011fc   Section        0  menu.o(i.Menu_Work)
    i.NMI_Handler                            0x00001d94   Section        0  system_mk60.o(i.NMI_Handler)
    i.OLED_ClearScreen                       0x00001d96   Section        0  mk60_oled.o(i.OLED_ClearScreen)
    i.OLED_Cmd                               0x00001dd0   Section        0  mk60_oled.o(i.OLED_Cmd)
    i.OLED_DLY_ms                            0x00001de4   Section        0  mk60_oled.o(i.OLED_DLY_ms)
    OLED_DLY_ms                              0x00001de5   Thumb Code    24  mk60_oled.o(i.OLED_DLY_ms)
    i.OLED_Init                              0x00001dfc   Section        0  mk60_oled.o(i.OLED_Init)
    i.OLED_P6x8Flo                           0x00001ef0   Section        0  mk60_oled.o(i.OLED_P6x8Flo)
    i.OLED_P6x8Int                           0x00002028   Section        0  mk60_oled.o(i.OLED_P6x8Int)
    i.OLED_P6x8Str                           0x00002100   Section        0  mk60_oled.o(i.OLED_P6x8Str)
    i.OLED_PinInit                           0x00002164   Section        0  mk60_oled.o(i.OLED_PinInit)
    OLED_PinInit                             0x00002165   Thumb Code    24  mk60_oled.o(i.OLED_PinInit)
    i.OLED_SetPos                            0x0000217c   Section        0  mk60_oled.o(i.OLED_SetPos)
    OLED_SetPos                              0x0000217d   Thumb Code    40  mk60_oled.o(i.OLED_SetPos)
    i.OLED_WriteCmd                          0x000021a4   Section        0  mk60_oled.o(i.OLED_WriteCmd)
    OLED_WriteCmd                            0x000021a5   Thumb Code    52  mk60_oled.o(i.OLED_WriteCmd)
    i.OLED_WriteDat                          0x000021dc   Section        0  mk60_oled.o(i.OLED_WriteDat)
    OLED_WriteDat                            0x000021dd   Thumb Code    52  mk60_oled.o(i.OLED_WriteDat)
    i.SYSTEM_CLK                             0x00002214   Section        0  system_mk60.o(i.SYSTEM_CLK)
    i.Start                                  0x000022cc   Section        0  system_mk60.o(i.Start)
    i.__scatterload_copy                     0x000022f4   Section       14  handlers.o(i.__scatterload_copy)
    i.__scatterload_null                     0x00002302   Section        2  handlers.o(i.__scatterload_null)
    i.__scatterload_zeroinit                 0x00002304   Section       14  handlers.o(i.__scatterload_zeroinit)
    i.div_set                                0x00002314   Section        0  system_mk60.o(i.div_set)
    i.get_clk                                0x00002360   Section        0  common.o(i.get_clk)
    i.gpio_get                               0x000023d0   Section        0  mk60_gpio.o(i.gpio_get)
    i.gpio_init                              0x000023fc   Section        0  mk60_gpio.o(i.gpio_init)
    i.gpio_set                               0x00002540   Section        0  mk60_gpio.o(i.gpio_set)
    i.main                                   0x00002588   Section        0  main.o(i.main)
    i.port_init                              0x000025e8   Section        0  mk60_port.o(i.port_init)
    i.spi_init                               0x0000265c   Section        0  mk60_spi.o(i.spi_init)
    i.systick_delay                          0x00002970   Section        0  mk60_systick.o(i.systick_delay)
    i.systick_delay_ms                       0x0000299c   Section        0  mk60_systick.o(i.systick_delay_ms)
    i.uart_init                              0x000029c0   Section        0  mk60_uart.o(i.uart_init)
    .constdata                               0x00002bbc   Section     2475  mk60_oled.o(.constdata)
    .constdata                               0x00003568   Section       40  mk60_gpio.o(.constdata)
    PORTX                                    0x00003568   Data          20  mk60_gpio.o(.constdata)
    GPIOX                                    0x0000357c   Data          20  mk60_gpio.o(.constdata)
    .constdata                               0x00003590   Section       40  mk60_port.o(.constdata)
    PORTX                                    0x00003590   Data          20  mk60_port.o(.constdata)
    GPIOX                                    0x000035a4   Data          20  mk60_port.o(.constdata)
    .constdata                               0x000035b8   Section       64  mk60_spi.o(.constdata)
    .data                                    0x1fff0000   Section       12  main.o(.data)
    .data                                    0x1fff000c   Section       10  menu.o(.data)
    Current_Count                            0x1fff000c   Data           1  menu.o(.data)
    Current_Count_Last                       0x1fff000d   Data           1  menu.o(.data)
    Confirm_Flag                             0x1fff000e   Data           1  menu.o(.data)
    Sub_Current_Count                        0x1fff000f   Data           1  menu.o(.data)
    Sub_Current_Count_Last                   0x1fff0010   Data           1  menu.o(.data)
    Sub_Confirm_Flag                         0x1fff0011   Data           1  menu.o(.data)
    Copy_Data_Cnt                            0x1fff0012   Data           2  menu.o(.data)
    Return_Flag                              0x1fff0014   Data           2  menu.o(.data)
    .data                                    0x1fff0018   Section       12  common.o(.data)
    .data                                    0x1fff0024   Section       20  mk60_flash.o(.data)
    .data                                    0x1fff0038   Section       12  mk60_spi.o(.data)
    .data                                    0x1fff0044   Section       24  mk60_uart.o(.data)
    .bss                                     0x1fff005c   Section      536  menu.o(.bss)
    temp_Data                                0x1fff0264   Data          16  menu.o(.bss)
    STACK                                    0x1fff0278   Section     4096  startup_mk60d10.o(STACK)

    Global Symbols

    Symbol Name                              Value     Ov Type        Size  Object(Section)

    BuildAttributes$$THM_ISAv4$E$P$D$K$B$S$7EM$PE$A:L22UL41UL21$X:L11$S22US41US21$IEEE1$IW$USESV6$~STKCKD$USESV7$~SHL$OTIME$ROPI$EBA8$MICROLIB$REQ8$PRES8$EABIv2 0x00000000   Number         0  anon$$obj.o ABSOLUTE
    __ARM_use_no_argv                        0x00000000   Number         0  main.o ABSOLUTE
    __Vectors                                0x00000000   Data           4  startup_mk60d10.o(RESET)
    __cpp_initialize__aeabi_                  - Undefined Weak Reference
    __cxa_finalize                            - Undefined Weak Reference
    __decompress                              - Undefined Weak Reference
    _clock_init                               - Undefined Weak Reference
    _microlib_exit                            - Undefined Weak Reference
    __Vectors_End                            0x00000400   Data           0  startup_mk60d10.o(RESET)
    __Vectors_Size                           0x00000400   Number         0  startup_mk60d10.o ABSOLUTE
    __main                                   0x00000411   Thumb Code     0  entry.o(.ARM.Collect$$$$00000000)
    _main_stk                                0x00000411   Thumb Code     0  entry2.o(.ARM.Collect$$$$00000001)
    _main_scatterload                        0x00000415   Thumb Code     0  entry5.o(.ARM.Collect$$$$00000004)
    __main_after_scatterload                 0x00000419   Thumb Code     0  entry5.o(.ARM.Collect$$$$00000004)
    _main_clock                              0x00000419   Thumb Code     0  entry7b.o(.ARM.Collect$$$$00000008)
    _main_cpp_init                           0x00000419   Thumb Code     0  entry8b.o(.ARM.Collect$$$$0000000A)
    _main_init                               0x00000419   Thumb Code     0  entry9a.o(.ARM.Collect$$$$0000000B)
    __rt_final_cpp                           0x00000421   Thumb Code     0  entry10a.o(.ARM.Collect$$$$0000000D)
    __rt_final_exit                          0x00000421   Thumb Code     0  entry11a.o(.ARM.Collect$$$$0000000F)
    Reset_Handler                            0x00000425   Thumb Code    12  startup_mk60d10.o(.text)
    HardFault_Handler                        0x00000433   Thumb Code     2  startup_mk60d10.o(.text)
    MemManage_Handler                        0x00000435   Thumb Code     2  startup_mk60d10.o(.text)
    BusFault_Handler                         0x00000437   Thumb Code     2  startup_mk60d10.o(.text)
    UsageFault_Handler                       0x00000439   Thumb Code     2  startup_mk60d10.o(.text)
    SVC_Handler                              0x0000043b   Thumb Code     2  startup_mk60d10.o(.text)
    DebugMon_Handler                         0x0000043d   Thumb Code     2  startup_mk60d10.o(.text)
    PendSV_Handler                           0x0000043f   Thumb Code     2  startup_mk60d10.o(.text)
    SysTick_Handler                          0x00000441   Thumb Code     2  startup_mk60d10.o(.text)
    ADC0_IRQHandler                          0x00000443   Thumb Code     0  startup_mk60d10.o(.text)
    ADC1_IRQHandler                          0x00000443   Thumb Code     0  startup_mk60d10.o(.text)
    CAN0_Bus_Off_IRQHandler                  0x00000443   Thumb Code     0  startup_mk60d10.o(.text)
    CAN0_Error_IRQHandler                    0x00000443   Thumb Code     0  startup_mk60d10.o(.text)
    CAN0_ORed_Message_buffer_IRQHandler      0x00000443   Thumb Code     0  startup_mk60d10.o(.text)
    CAN0_Rx_Warning_IRQHandler               0x00000443   Thumb Code     0  startup_mk60d10.o(.text)
    CAN0_Tx_Warning_IRQHandler               0x00000443   Thumb Code     0  startup_mk60d10.o(.text)
    CAN0_Wake_Up_IRQHandler                  0x00000443   Thumb Code     0  startup_mk60d10.o(.text)
    CAN1_Bus_Off_IRQHandler                  0x00000443   Thumb Code     0  startup_mk60d10.o(.text)
    CAN1_Error_IRQHandler                    0x00000443   Thumb Code     0  startup_mk60d10.o(.text)
    CAN1_ORed_Message_buffer_IRQHandler      0x00000443   Thumb Code     0  startup_mk60d10.o(.text)
    CAN1_Rx_Warning_IRQHandler               0x00000443   Thumb Code     0  startup_mk60d10.o(.text)
    CAN1_Tx_Warning_IRQHandler               0x00000443   Thumb Code     0  startup_mk60d10.o(.text)
    CAN1_Wake_Up_IRQHandler                  0x00000443   Thumb Code     0  startup_mk60d10.o(.text)
    CMP0_IRQHandler                          0x00000443   Thumb Code     0  startup_mk60d10.o(.text)
    CMP1_IRQHandler                          0x00000443   Thumb Code     0  startup_mk60d10.o(.text)
    CMP2_IRQHandler                          0x00000443   Thumb Code     0  startup_mk60d10.o(.text)
    CMT_IRQHandler                           0x00000443   Thumb Code     0  startup_mk60d10.o(.text)
    DAC0_IRQHandler                          0x00000443   Thumb Code     0  startup_mk60d10.o(.text)
    DAC1_IRQHandler                          0x00000443   Thumb Code     0  startup_mk60d10.o(.text)
    DMA0_IRQHandler                          0x00000443   Thumb Code     0  startup_mk60d10.o(.text)
    DMA10_IRQHandler                         0x00000443   Thumb Code     0  startup_mk60d10.o(.text)
    DMA11_IRQHandler                         0x00000443   Thumb Code     0  startup_mk60d10.o(.text)
    DMA12_IRQHandler                         0x00000443   Thumb Code     0  startup_mk60d10.o(.text)
    DMA13_IRQHandler                         0x00000443   Thumb Code     0  startup_mk60d10.o(.text)
    DMA14_IRQHandler                         0x00000443   Thumb Code     0  startup_mk60d10.o(.text)
    DMA15_IRQHandler                         0x00000443   Thumb Code     0  startup_mk60d10.o(.text)
    DMA1_IRQHandler                          0x00000443   Thumb Code     0  startup_mk60d10.o(.text)
    DMA2_IRQHandler                          0x00000443   Thumb Code     0  startup_mk60d10.o(.text)
    DMA3_IRQHandler                          0x00000443   Thumb Code     0  startup_mk60d10.o(.text)
    DMA4_IRQHandler                          0x00000443   Thumb Code     0  startup_mk60d10.o(.text)
    DMA5_IRQHandler                          0x00000443   Thumb Code     0  startup_mk60d10.o(.text)
    DMA6_IRQHandler                          0x00000443   Thumb Code     0  startup_mk60d10.o(.text)
    DMA7_IRQHandler                          0x00000443   Thumb Code     0  startup_mk60d10.o(.text)
    DMA8_IRQHandler                          0x00000443   Thumb Code     0  startup_mk60d10.o(.text)
    DMA9_IRQHandler                          0x00000443   Thumb Code     0  startup_mk60d10.o(.text)
    DMA_Error_IRQHandler                     0x00000443   Thumb Code     0  startup_mk60d10.o(.text)
    DefaultISR                               0x00000443   Thumb Code     0  startup_mk60d10.o(.text)
    ENET_1588_Timer_IRQHandler               0x00000443   Thumb Code     0  startup_mk60d10.o(.text)
    ENET_Error_IRQHandler                    0x00000443   Thumb Code     0  startup_mk60d10.o(.text)
    ENET_Receive_IRQHandler                  0x00000443   Thumb Code     0  startup_mk60d10.o(.text)
    ENET_Transmit_IRQHandler                 0x00000443   Thumb Code     0  startup_mk60d10.o(.text)
    FTFL_IRQHandler                          0x00000443   Thumb Code     0  startup_mk60d10.o(.text)
    FTM0_IRQHandler                          0x00000443   Thumb Code     0  startup_mk60d10.o(.text)
    FTM1_IRQHandler                          0x00000443   Thumb Code     0  startup_mk60d10.o(.text)
    FTM2_IRQHandler                          0x00000443   Thumb Code     0  startup_mk60d10.o(.text)
    I2C0_IRQHandler                          0x00000443   Thumb Code     0  startup_mk60d10.o(.text)
    I2C1_IRQHandler                          0x00000443   Thumb Code     0  startup_mk60d10.o(.text)
    I2S0_Rx_IRQHandler                       0x00000443   Thumb Code     0  startup_mk60d10.o(.text)
    I2S0_Tx_IRQHandler                       0x00000443   Thumb Code     0  startup_mk60d10.o(.text)
    LLW_IRQHandler                           0x00000443   Thumb Code     0  startup_mk60d10.o(.text)
    LPTimer_IRQHandler                       0x00000443   Thumb Code     0  startup_mk60d10.o(.text)
    LVD_LVW_IRQHandler                       0x00000443   Thumb Code     0  startup_mk60d10.o(.text)
    MCG_IRQHandler                           0x00000443   Thumb Code     0  startup_mk60d10.o(.text)
    MCM_IRQHandler                           0x00000443   Thumb Code     0  startup_mk60d10.o(.text)
    PDB0_IRQHandler                          0x00000443   Thumb Code     0  startup_mk60d10.o(.text)
    PIT0_IRQHandler                          0x00000443   Thumb Code     0  startup_mk60d10.o(.text)
    PIT1_IRQHandler                          0x00000443   Thumb Code     0  startup_mk60d10.o(.text)
    PIT2_IRQHandler                          0x00000443   Thumb Code     0  startup_mk60d10.o(.text)
    PIT3_IRQHandler                          0x00000443   Thumb Code     0  startup_mk60d10.o(.text)
    PORTA_IRQHandler                         0x00000443   Thumb Code     0  startup_mk60d10.o(.text)
    PORTB_IRQHandler                         0x00000443   Thumb Code     0  startup_mk60d10.o(.text)
    PORTC_IRQHandler                         0x00000443   Thumb Code     0  startup_mk60d10.o(.text)
    PORTD_IRQHandler                         0x00000443   Thumb Code     0  startup_mk60d10.o(.text)
    PORTE_IRQHandler                         0x00000443   Thumb Code     0  startup_mk60d10.o(.text)
    RNG_IRQHandler                           0x00000443   Thumb Code     0  startup_mk60d10.o(.text)
    RTC_IRQHandler                           0x00000443   Thumb Code     0  startup_mk60d10.o(.text)
    RTC_Seconds_IRQHandler                   0x00000443   Thumb Code     0  startup_mk60d10.o(.text)
    Read_Collision_IRQHandler                0x00000443   Thumb Code     0  startup_mk60d10.o(.text)
    Reserved102_IRQHandler                   0x00000443   Thumb Code     0  startup_mk60d10.o(.text)
    Reserved108_IRQHandler                   0x00000443   Thumb Code     0  startup_mk60d10.o(.text)
    Reserved109_IRQHandler                   0x00000443   Thumb Code     0  startup_mk60d10.o(.text)
    Reserved111_IRQHandler                   0x00000443   Thumb Code     0  startup_mk60d10.o(.text)
    Reserved112_IRQHandler                   0x00000443   Thumb Code     0  startup_mk60d10.o(.text)
    Reserved113_IRQHandler                   0x00000443   Thumb Code     0  startup_mk60d10.o(.text)
    Reserved114_IRQHandler                   0x00000443   Thumb Code     0  startup_mk60d10.o(.text)
    Reserved115_IRQHandler                   0x00000443   Thumb Code     0  startup_mk60d10.o(.text)
    Reserved116_IRQHandler                   0x00000443   Thumb Code     0  startup_mk60d10.o(.text)
    Reserved117_IRQHandler                   0x00000443   Thumb Code     0  startup_mk60d10.o(.text)
    Reserved118_IRQHandler                   0x00000443   Thumb Code     0  startup_mk60d10.o(.text)
    Reserved119_IRQHandler                   0x00000443   Thumb Code     0  startup_mk60d10.o(.text)
    Reserved59_IRQHandler                    0x00000443   Thumb Code     0  startup_mk60d10.o(.text)
    Reserved95_IRQHandler                    0x00000443   Thumb Code     0  startup_mk60d10.o(.text)
    SDHC_IRQHandler                          0x00000443   Thumb Code     0  startup_mk60d10.o(.text)
    SPI0_IRQHandler                          0x00000443   Thumb Code     0  startup_mk60d10.o(.text)
    SPI1_IRQHandler                          0x00000443   Thumb Code     0  startup_mk60d10.o(.text)
    SPI2_IRQHandler                          0x00000443   Thumb Code     0  startup_mk60d10.o(.text)
    SWI_IRQHandler                           0x00000443   Thumb Code     0  startup_mk60d10.o(.text)
    TSI0_IRQHandler                          0x00000443   Thumb Code     0  startup_mk60d10.o(.text)
    UART0_ERR_IRQHandler                     0x00000443   Thumb Code     0  startup_mk60d10.o(.text)
    UART0_LON_IRQHandler                     0x00000443   Thumb Code     0  startup_mk60d10.o(.text)
    UART0_RX_TX_IRQHandler                   0x00000443   Thumb Code     0  startup_mk60d10.o(.text)
    UART1_ERR_IRQHandler                     0x00000443   Thumb Code     0  startup_mk60d10.o(.text)
    UART1_RX_TX_IRQHandler                   0x00000443   Thumb Code     0  startup_mk60d10.o(.text)
    UART2_ERR_IRQHandler                     0x00000443   Thumb Code     0  startup_mk60d10.o(.text)
    UART2_RX_TX_IRQHandler                   0x00000443   Thumb Code     0  startup_mk60d10.o(.text)
    UART3_ERR_IRQHandler                     0x00000443   Thumb Code     0  startup_mk60d10.o(.text)
    UART3_RX_TX_IRQHandler                   0x00000443   Thumb Code     0  startup_mk60d10.o(.text)
    UART4_ERR_IRQHandler                     0x00000443   Thumb Code     0  startup_mk60d10.o(.text)
    UART4_RX_TX_IRQHandler                   0x00000443   Thumb Code     0  startup_mk60d10.o(.text)
    UART5_ERR_IRQHandler                     0x00000443   Thumb Code     0  startup_mk60d10.o(.text)
    UART5_RX_TX_IRQHandler                   0x00000443   Thumb Code     0  startup_mk60d10.o(.text)
    USB0_IRQHandler                          0x00000443   Thumb Code     0  startup_mk60d10.o(.text)
    USBDCD_IRQHandler                        0x00000443   Thumb Code     0  startup_mk60d10.o(.text)
    Watchdog_IRQHandler                      0x00000443   Thumb Code     0  startup_mk60d10.o(.text)
    __aeabi_memcpy                           0x0000044d   Thumb Code    36  memcpya.o(.text)
    __aeabi_memcpy4                          0x0000044d   Thumb Code     0  memcpya.o(.text)
    __aeabi_memcpy8                          0x0000044d   Thumb Code     0  memcpya.o(.text)
    __aeabi_fadd                             0x00000471   Thumb Code   164  fadd.o(.text)
    __aeabi_fsub                             0x00000515   Thumb Code     6  fadd.o(.text)
    __aeabi_frsub                            0x0000051b   Thumb Code     6  fadd.o(.text)
    __aeabi_fmul                             0x00000521   Thumb Code   100  fmul.o(.text)
    __aeabi_dadd                             0x00000585   Thumb Code   322  dadd.o(.text)
    __aeabi_dsub                             0x000006c7   Thumb Code     6  dadd.o(.text)
    __aeabi_drsub                            0x000006cd   Thumb Code     6  dadd.o(.text)
    __aeabi_dmul                             0x000006d3   Thumb Code   228  dmul.o(.text)
    __aeabi_ddiv                             0x000007b7   Thumb Code   222  ddiv.o(.text)
    __aeabi_i2f                              0x00000895   Thumb Code    18  fflti.o(.text)
    __aeabi_ui2f                             0x000008a7   Thumb Code    10  ffltui.o(.text)
    __aeabi_i2d                              0x000008b1   Thumb Code    34  dflti.o(.text)
    __aeabi_f2iz                             0x000008d3   Thumb Code    50  ffixi.o(.text)
    __aeabi_f2uiz                            0x00000905   Thumb Code    40  ffixui.o(.text)
    __aeabi_d2iz                             0x0000092d   Thumb Code    62  dfixi.o(.text)
    __aeabi_d2uiz                            0x0000096b   Thumb Code    50  dfixui.o(.text)
    __aeabi_f2d                              0x0000099d   Thumb Code    38  f2d.o(.text)
    __aeabi_d2f                              0x000009c3   Thumb Code    56  d2f.o(.text)
    __aeabi_cfcmpeq                          0x000009fd   Thumb Code     0  cfcmple.o(.text)
    __aeabi_cfcmple                          0x000009fd   Thumb Code    20  cfcmple.o(.text)
    __aeabi_cfrcmple                         0x00000a11   Thumb Code    20  cfrcmple.o(.text)
    __aeabi_llsl                             0x00000a25   Thumb Code    30  llshl.o(.text)
    _ll_shift_l                              0x00000a25   Thumb Code     0  llshl.o(.text)
    __aeabi_llsr                             0x00000a43   Thumb Code    32  llushr.o(.text)
    _ll_ushift_r                             0x00000a43   Thumb Code     0  llushr.o(.text)
    __aeabi_lasr                             0x00000a63   Thumb Code    36  llsshr.o(.text)
    _ll_sshift_r                             0x00000a63   Thumb Code     0  llsshr.o(.text)
    __I$use$fp                               0x00000a87   Thumb Code     0  iusefp.o(.text)
    _float_round                             0x00000a87   Thumb Code    18  fepilogue.o(.text)
    _float_epilogue                          0x00000a99   Thumb Code    92  fepilogue.o(.text)
    _double_round                            0x00000af5   Thumb Code    30  depilogue.o(.text)
    _double_epilogue                         0x00000b13   Thumb Code   156  depilogue.o(.text)
    __scatterload                            0x00000bb1   Thumb Code    28  init.o(.text)
    __scatterload_rt2                        0x00000bb1   Thumb Code     0  init.o(.text)
    Disable_Wdog                             0x00000c19   Thumb Code    22  system_mk60.o(i.Disable_Wdog)
    FLASH_EraseSector                        0x00000c35   Thumb Code    46  mk60_flash.o(i.FLASH_EraseSector)
    FLASH_Init                               0x00000c69   Thumb Code     8  mk60_flash.o(i.FLASH_Init)
    FLASH_WriteSector                        0x00000c75   Thumb Code    90  mk60_flash.o(i.FLASH_WriteSector)
    Menu_Init                                0x00000dd5   Thumb Code   696  menu.o(i.Menu_Init)
    Menu_Work                                0x000011fd   Thumb Code  2914  menu.o(i.Menu_Work)
    NMI_Handler                              0x00001d95   Thumb Code     2  system_mk60.o(i.NMI_Handler)
    OLED_ClearScreen                         0x00001d97   Thumb Code    58  mk60_oled.o(i.OLED_ClearScreen)
    OLED_Cmd                                 0x00001dd1   Thumb Code    20  mk60_oled.o(i.OLED_Cmd)
    OLED_Init                                0x00001dfd   Thumb Code   236  mk60_oled.o(i.OLED_Init)
    OLED_P6x8Flo                             0x00001ef1   Thumb Code   286  mk60_oled.o(i.OLED_P6x8Flo)
    OLED_P6x8Int                             0x00002029   Thumb Code   210  mk60_oled.o(i.OLED_P6x8Int)
    OLED_P6x8Str                             0x00002101   Thumb Code    96  mk60_oled.o(i.OLED_P6x8Str)
    SYSTEM_CLK                               0x00002215   Thumb Code   170  system_mk60.o(i.SYSTEM_CLK)
    Start                                    0x000022cd   Thumb Code    34  system_mk60.o(i.Start)
    __scatterload_copy                       0x000022f5   Thumb Code    14  handlers.o(i.__scatterload_copy)
    __scatterload_null                       0x00002303   Thumb Code     2  handlers.o(i.__scatterload_null)
    __scatterload_zeroinit                   0x00002305   Thumb Code    14  handlers.o(i.__scatterload_zeroinit)
    div_set                                  0x00002315   Thumb Code    60  system_mk60.o(i.div_set)
    get_clk                                  0x00002361   Thumb Code    92  common.o(i.get_clk)
    gpio_get                                 0x000023d1   Thumb Code    38  mk60_gpio.o(i.gpio_get)
    gpio_init                                0x000023fd   Thumb Code   310  mk60_gpio.o(i.gpio_init)
    gpio_set                                 0x00002541   Thumb Code    66  mk60_gpio.o(i.gpio_set)
    main                                     0x00002589   Thumb Code    94  main.o(i.main)
    port_init                                0x000025e9   Thumb Code   102  mk60_port.o(i.port_init)
    spi_init                                 0x0000265d   Thumb Code   758  mk60_spi.o(i.spi_init)
    systick_delay                            0x00002971   Thumb Code    44  mk60_systick.o(i.systick_delay)
    systick_delay_ms                         0x0000299d   Thumb Code    32  mk60_systick.o(i.systick_delay_ms)
    uart_init                                0x000029c1   Thumb Code   486  mk60_uart.o(i.uart_init)
    F6x8                                     0x00002bbc   Data         552  mk60_oled.o(.constdata)
    F8X16                                    0x00002de4   Data        1520  mk60_oled.o(.constdata)
    Word14x16                                0x000033d4   Data         403  mk60_oled.o(.constdata)
    Region$$Table$$Base                      0x000035f8   Number         0  anon$$obj.o(Region$$Table)
    Region$$Table$$Limit                     0x00003618   Number         0  anon$$obj.o(Region$$Table)
    liu                                      0x1fff0000   Data           4  main.o(.data)
    asd                                      0x1fff0004   Data           4  main.o(.data)
    dsa                                      0x1fff0008   Data           4  main.o(.data)
    mcgout_clk_mhz                           0x1fff0018   Data           4  common.o(.data)
    core_clk_mhz                             0x1fff001c   Data           4  common.o(.data)
    bus_clk_mhz                              0x1fff0020   Data           4  common.o(.data)
    s_flash_command_run                      0x1fff0024   Data          14  mk60_flash.o(.data)
    s_flash_run_entry                        0x1fff0034   Data           4  mk60_flash.o(.data)
    SPIN                                     0x1fff0038   Data          12  mk60_spi.o(.data)
    uart                                     0x1fff0044   Data          24  mk60_uart.o(.data)
    Menu                                     0x1fff005c   Data         440  menu.o(.bss)
    Copy_Data                                0x1fff0214   Data          64  menu.o(.bss)
    Copy_Type                                0x1fff0254   Data          16  menu.o(.bss)
    __initial_sp                             0x1fff1278   Data           0  startup_mk60d10.o(STACK)



==============================================================================

Memory Map of the image

  Image Entry point : 0x00000411

  Load Region LR_IROM1 (Base: 0x00000000, Size: 0x00003674, Max: 0x00080000, ABSOLUTE)

    Execution Region ER_IROM1 (Base: 0x00000000, Size: 0x00003618, Max: 0x00080000, ABSOLUTE)

    Base Addr    Size         Type   Attr      Idx    E Section Name        Object

    0x00000000   0x00000400   Data   RO         1199    RESET               startup_mk60d10.o
    0x00000400   0x00000010   Code   RO         1200    .ARM.__at_0x400     startup_mk60d10.o
    0x00000410   0x00000000   Code   RO         1251  * .ARM.Collect$$$$00000000  mc_w.l(entry.o)
    0x00000410   0x00000004   Code   RO         1318    .ARM.Collect$$$$00000001  mc_w.l(entry2.o)
    0x00000414   0x00000004   Code   RO         1321    .ARM.Collect$$$$00000004  mc_w.l(entry5.o)
    0x00000418   0x00000000   Code   RO         1323    .ARM.Collect$$$$00000008  mc_w.l(entry7b.o)
    0x00000418   0x00000000   Code   RO         1325    .ARM.Collect$$$$0000000A  mc_w.l(entry8b.o)
    0x00000418   0x00000008   Code   RO         1326    .ARM.Collect$$$$0000000B  mc_w.l(entry9a.o)
    0x00000420   0x00000000   Code   RO         1328    .ARM.Collect$$$$0000000D  mc_w.l(entry10a.o)
    0x00000420   0x00000000   Code   RO         1330    .ARM.Collect$$$$0000000F  mc_w.l(entry11a.o)
    0x00000420   0x00000004   Code   RO         1319    .ARM.Collect$$$$00002712  mc_w.l(entry2.o)
    0x00000424   0x00000028   Code   RO         1201    .text               startup_mk60d10.o
    0x0000044c   0x00000024   Code   RO         1254    .text               mc_w.l(memcpya.o)
    0x00000470   0x000000b0   Code   RO         1286    .text               mf_w.l(fadd.o)
    0x00000520   0x00000064   Code   RO         1288    .text               mf_w.l(fmul.o)
    0x00000584   0x0000014e   Code   RO         1290    .text               mf_w.l(dadd.o)
    0x000006d2   0x000000e4   Code   RO         1292    .text               mf_w.l(dmul.o)
    0x000007b6   0x000000de   Code   RO         1294    .text               mf_w.l(ddiv.o)
    0x00000894   0x00000012   Code   RO         1296    .text               mf_w.l(fflti.o)
    0x000008a6   0x0000000a   Code   RO         1298    .text               mf_w.l(ffltui.o)
    0x000008b0   0x00000022   Code   RO         1300    .text               mf_w.l(dflti.o)
    0x000008d2   0x00000032   Code   RO         1302    .text               mf_w.l(ffixi.o)
    0x00000904   0x00000028   Code   RO         1304    .text               mf_w.l(ffixui.o)
    0x0000092c   0x0000003e   Code   RO         1306    .text               mf_w.l(dfixi.o)
    0x0000096a   0x00000032   Code   RO         1308    .text               mf_w.l(dfixui.o)
    0x0000099c   0x00000026   Code   RO         1310    .text               mf_w.l(f2d.o)
    0x000009c2   0x00000038   Code   RO         1312    .text               mf_w.l(d2f.o)
    0x000009fa   0x00000002   PAD
    0x000009fc   0x00000014   Code   RO         1314    .text               mf_w.l(cfcmple.o)
    0x00000a10   0x00000014   Code   RO         1316    .text               mf_w.l(cfrcmple.o)
    0x00000a24   0x0000001e   Code   RO         1332    .text               mc_w.l(llshl.o)
    0x00000a42   0x00000020   Code   RO         1334    .text               mc_w.l(llushr.o)
    0x00000a62   0x00000024   Code   RO         1336    .text               mc_w.l(llsshr.o)
    0x00000a86   0x00000000   Code   RO         1340    .text               mc_w.l(iusefp.o)
    0x00000a86   0x0000006e   Code   RO         1341    .text               mf_w.l(fepilogue.o)
    0x00000af4   0x000000ba   Code   RO         1343    .text               mf_w.l(depilogue.o)
    0x00000bae   0x00000002   PAD
    0x00000bb0   0x00000024   Code   RO         1345    .text               mc_w.l(init.o)
    0x00000bd4   0x00000044   Code   RO          149    i.Button_Get        menu.o
    0x00000c18   0x0000001c   Code   RO         1209    i.Disable_Wdog      system_mk60.o
    0x00000c34   0x00000034   Code   RO          522    i.FLASH_EraseSector  mk60_flash.o
    0x00000c68   0x0000000c   Code   RO          524    i.FLASH_Init        mk60_flash.o
    0x00000c74   0x00000060   Code   RO          525    i.FLASH_WriteSector  mk60_flash.o
    0x00000cd4   0x00000034   Code   RO          527    i.FlashCmdStart     mk60_flash.o
    0x00000d08   0x00000058   Code   RO          150    i.Menu_Data_Init    menu.o
    0x00000d60   0x00000074   Code   RO          151    i.Menu_HomePage_Show  menu.o
    0x00000dd4   0x000002d0   Code   RO          152    i.Menu_Init         menu.o
    0x000010a4   0x00000158   Code   RO          153    i.Menu_SubPage_Show  menu.o
    0x000011fc   0x00000b98   Code   RO          154    i.Menu_Work         menu.o
    0x00001d94   0x00000002   Code   RO         1210    i.NMI_Handler       system_mk60.o
    0x00001d96   0x0000003a   Code   RO          203    i.OLED_ClearScreen  mk60_oled.o
    0x00001dd0   0x00000014   Code   RO          204    i.OLED_Cmd          mk60_oled.o
    0x00001de4   0x00000018   Code   RO          205    i.OLED_DLY_ms       mk60_oled.o
    0x00001dfc   0x000000f4   Code   RO          206    i.OLED_Init         mk60_oled.o
    0x00001ef0   0x00000138   Code   RO          209    i.OLED_P6x8Flo      mk60_oled.o
    0x00002028   0x000000d8   Code   RO          210    i.OLED_P6x8Int      mk60_oled.o
    0x00002100   0x00000064   Code   RO          211    i.OLED_P6x8Str      mk60_oled.o
    0x00002164   0x00000018   Code   RO          214    i.OLED_PinInit      mk60_oled.o
    0x0000217c   0x00000028   Code   RO          217    i.OLED_SetPos       mk60_oled.o
    0x000021a4   0x00000038   Code   RO          218    i.OLED_WriteCmd     mk60_oled.o
    0x000021dc   0x00000038   Code   RO          219    i.OLED_WriteDat     mk60_oled.o
    0x00002214   0x000000b8   Code   RO         1211    i.SYSTEM_CLK        system_mk60.o
    0x000022cc   0x00000028   Code   RO         1212    i.Start             system_mk60.o
    0x000022f4   0x0000000e   Code   RO         1349    i.__scatterload_copy  mc_w.l(handlers.o)
    0x00002302   0x00000002   Code   RO         1350    i.__scatterload_null  mc_w.l(handlers.o)
    0x00002304   0x0000000e   Code   RO         1351    i.__scatterload_zeroinit  mc_w.l(handlers.o)
    0x00002312   0x00000002   PAD
    0x00002314   0x0000004c   Code   RO         1213    i.div_set           system_mk60.o
    0x00002360   0x00000070   Code   RO          323    i.get_clk           common.o
    0x000023d0   0x0000002c   Code   RO          657    i.gpio_get          mk60_gpio.o
    0x000023fc   0x00000144   Code   RO          658    i.gpio_init         mk60_gpio.o
    0x00002540   0x00000048   Code   RO          659    i.gpio_set          mk60_gpio.o
    0x00002588   0x0000005e   Code   RO          123    i.main              main.o
    0x000025e6   0x00000002   PAD
    0x000025e8   0x00000074   Code   RO          826    i.port_init         mk60_port.o
    0x0000265c   0x00000314   Code   RO          979    i.spi_init          mk60_spi.o
    0x00002970   0x0000002c   Code   RO         1018    i.systick_delay     mk60_systick.o
    0x0000299c   0x00000024   Code   RO         1019    i.systick_delay_ms  mk60_systick.o
    0x000029c0   0x000001fc   Code   RO         1060    i.uart_init         mk60_uart.o
    0x00002bbc   0x000009ab   Data   RO          220    .constdata          mk60_oled.o
    0x00003567   0x00000001   PAD
    0x00003568   0x00000028   Data   RO          661    .constdata          mk60_gpio.o
    0x00003590   0x00000028   Data   RO          828    .constdata          mk60_port.o
    0x000035b8   0x00000040   Data   RO          982    .constdata          mk60_spi.o
    0x000035f8   0x00000020   Data   RO         1347    Region$$Table       anon$$obj.o


    Execution Region RW_IRAM1 (Base: 0x1fff0000, Size: 0x00001278, Max: 0x00020000, ABSOLUTE)

    Base Addr    Size         Type   Attr      Idx    E Section Name        Object

    0x1fff0000   0x0000000c   Data   RW          124    .data               main.o
    0x1fff000c   0x0000000a   Data   RW          156    .data               menu.o
    0x1fff0016   0x00000002   PAD
    0x1fff0018   0x0000000c   Data   RW          324    .data               common.o
    0x1fff0024   0x00000014   Data   RW          528    .data               mk60_flash.o
    0x1fff0038   0x0000000c   Data   RW          983    .data               mk60_spi.o
    0x1fff0044   0x00000018   Data   RW         1069    .data               mk60_uart.o
    0x1fff005c   0x00000218   Zero   RW          155    .bss                menu.o
    0x1fff0274   0x00000004   PAD
    0x1fff0278   0x00001000   Zero   RW         1197    STACK               startup_mk60d10.o


==============================================================================

Image component sizes


      Code (inc. data)   RO Data    RW Data    ZI Data      Debug   Object Name

       112         20          0         12          0       2588   common.o
         0          0          0          0          0     242610   isr.o
        94          0          0         12          0        701   main.o
      4304        268          0         10        536       5857   menu.o
       212         30          0         20          0       3093   mk60_flash.o
       440         26         40          0          0       2142   mk60_gpio.o
      1150         52       2475          0          0       7006   mk60_oled.o
       116         14         40          0          0       1016   mk60_port.o
       788         30         64         12          0       3142   mk60_spi.o
        80          4          0          0          0        963   mk60_systick.o
       508         28          0         24          0       1283   mk60_uart.o
        56         24       1024          0       4096       1024   startup_mk60d10.o
       330         42          0          0          0       2448   system_mk60.o

    ----------------------------------------------------------------------
      8192        538       3676         92       4636     273873   Object Totals
         0          0         32          0          0          0   (incl. Generated)
         2          0          1          2          4          0   (incl. Padding)

    ----------------------------------------------------------------------

      Code (inc. data)   RO Data    RW Data    ZI Data      Debug   Library Member Name

         0          0          0          0          0          0   entry.o
         0          0          0          0          0          0   entry10a.o
         0          0          0          0          0          0   entry11a.o
         8          4          0          0          0          0   entry2.o
         4          0          0          0          0          0   entry5.o
         0          0          0          0          0          0   entry7b.o
         0          0          0          0          0          0   entry8b.o
         8          4          0          0          0          0   entry9a.o
        30          0          0          0          0          0   handlers.o
        36          8          0          0          0         68   init.o
         0          0          0          0          0          0   iusefp.o
        30          0          0          0          0         68   llshl.o
        36          0          0          0          0         68   llsshr.o
        32          0          0          0          0         68   llushr.o
        36          0          0          0          0         68   memcpya.o
        20          0          0          0          0         68   cfcmple.o
        20          0          0          0          0         68   cfrcmple.o
        56          0          0          0          0         88   d2f.o
       334          0          0          0          0        148   dadd.o
       222          0          0          0          0        100   ddiv.o
       186          0          0          0          0        176   depilogue.o
        62          0          0          0          0         80   dfixi.o
        50          0          0          0          0         76   dfixui.o
        34          0          0          0          0         76   dflti.o
       228          0          0          0          0         96   dmul.o
        38          0          0          0          0         68   f2d.o
       176          0          0          0          0        140   fadd.o
       110          0          0          0          0        168   fepilogue.o
        50          0          0          0          0         68   ffixi.o
        40          0          0          0          0         68   ffixui.o
        18          0          0          0          0         68   fflti.o
        10          0          0          0          0         68   ffltui.o
       100          0          0          0          0         76   fmul.o

    ----------------------------------------------------------------------
      1980         16          0          0          0       2040   Library Totals
         6          0          0          0          0          0   (incl. Padding)

    ----------------------------------------------------------------------

      Code (inc. data)   RO Data    RW Data    ZI Data      Debug   Library Name

       220         16          0          0          0        340   mc_w.l
      1754          0          0          0          0       1700   mf_w.l

    ----------------------------------------------------------------------
      1980         16          0          0          0       2040   Library Totals

    ----------------------------------------------------------------------

==============================================================================


      Code (inc. data)   RO Data    RW Data    ZI Data      Debug   

     10172        554       3676         92       4636     273309   Grand Totals
     10172        554       3676         92       4636     273309   ELF Image Totals
     10172        554       3676         92          0          0   ROM Totals

==============================================================================

    Total RO  Size (Code + RO Data)                13848 (  13.52kB)
    Total RW  Size (RW Data + ZI Data)              4728 (   4.62kB)
    Total ROM Size (Code + RO Data + RW Data)      13940 (  13.61kB)

==============================================================================

